// Vitest Snapshot v1, https://vitest.dev/guide/snapshot.html

exports[`Navbar > render Navbar component 1`] = `
<div>
  <nav
    class="bg-gray-900 text-white flex items-center justify-between p-4"
  >
    <p
      class="text-2xl"
    >
      st‚≠êr movie
    </p>
    <div
      class="flex gap-5"
    >
      <a
        class="hover:scale-110 transition-all"
        href="/"
      >
        Movie List
      </a>
      <a
        class="hover:scale-110 transition-all"
        href="/explore"
      >
        Explore
      </a>
    </div>
  </nav>
</div>
`;
