// Vitest Snapshot v1, https://vitest.dev/guide/snapshot.html

exports[`Button > render button component 1`] = `
<div>
  <button>
    Button
  </button>
</div>
`;
