// Vitest Snapshot v1, https://vitest.dev/guide/snapshot.html

exports[`Footer > render Footer component 1`] = `
<div>
  <footer
    class="flex items-center justify-center p-4"
  >
    Â©code.kyra 
    2025
  </footer>
</div>
`;
