// Vitest Snapshot v1, https://vitest.dev/guide/snapshot.html

exports[`Input > render Input component 1`] = `
<div>
  <input
    type="text"
  />
</div>
`;
