// Vitest Snapshot v1, https://vitest.dev/guide/snapshot.html

exports[`Homepage > renders Homepage component 1`] = `
<div>
  <div>
    <div
      class="_skeleton_8f912d"
      style="width: 200px; height: 300px; border-radius: 0px;"
    />
    <div
      class="_skeleton_8f912d"
      style="width: 200px; height: 300px; border-radius: 0px;"
    />
    <div
      class="_skeleton_8f912d"
      style="width: 200px; height: 300px; border-radius: 0px;"
    />
    <div
      class="_skeleton_8f912d"
      style="width: 200px; height: 300px; border-radius: 0px;"
    />
  </div>
</div>
`;
